// Jest Snapshot v1, https://goo.gl/fbAQLP

exports[`Should PageNotFoundScreen render correctly 1`] = `
<div>
  <div
    class="user-page"
  >
    <header
      class="page-header user-page__head"
    >
      <div
        class="logo"
      >
        <a
          class="logo__link"
          href="/"
        >
          <span
            class="logo__letter logo__letter--1"
          >
            W
          </span>
          <span
            class="logo__letter logo__letter--2"
          >
            T
          </span>
          <span
            class="logo__letter logo__letter--3"
          >
            W
          </span>
        </a>
      </div>
      <div
        class="user-block"
      >
        <a
          class="user-block__link"
          href="/login"
        >
          Sign in
        </a>
      </div>
    </header>
    <div
      class="sign-in user-page__content"
    >
      <h1>
        404 Not Found
      </h1>
      <a
        href="/"
      >
        Вернуться на главную страницу
      </a>
    </div>
    <footer
      class="page-footer"
    >
      <div
        class="logo"
      >
        <a
          class="logo__link logo__link--light"
          href="/"
        >
          <span
            class="logo__letter logo__letter--1"
          >
            W
          </span>
          <span
            class="logo__letter logo__letter--2"
          >
            T
          </span>
          <span
            class="logo__letter logo__letter--3"
          >
            W
          </span>
        </a>
      </div>
      <div
        class="copyright"
      >
        <p>
          © 
          2021
           What to watch Ltd.
        </p>
      </div>
    </footer>
  </div>
</div>
`;
